SSH: Connecting to github.com port 22
SSH: Connecting to github.com port 22
SSH: Socket connected
SSH: Socket connected
SSH: Creating SSH session for github.com:22
SSH: Creating SSH session for github.com:22
SSH: Starting SSH handshake
SSH: Starting SSH handshake
Sending GET request to https://github.com/H1R0GH057/Anonymous/info/refs?service=git-upload-pack
Connecting to remote github.com port 443
Sending request:
GET /H1R0GH057/Anonymous/info/refs?service=git-upload-pack HTTP/1.1
User-Agent: git/2.0 (workingcopy.app 6.8.7)
Host: github.com
Accept: */*

SSH: SSH handshake complete
SSH: SSH handshake complete
Requesting credentials for git@github.com:lissy93/personal-security-checklist (user: git, allowed: SSH key)
Requesting credentials for git@github.com:lissy93/personal-security-checklist (user: git, allowed: SSH key)
8080: Using SSH key ssh-rsa 4096 ea:1c:d1:76:e0:7c:0c:6e:e9:60:d2:b4:a2:82:4d:3d

SSH: Authenticating with SSH key from file for user 'git'
SSH: Authenticating with SSH key from file for user 'git'
personal-security-checklist: Using SSH key ssh-ed25519 fb:f8:e5:b5:b8:22:78:ae:41:fa:b3:e4:25:d1:98:a6

Received:
HTTP/1.1 200 OK
Server: GitHub-Babel/3.0
Content-Type: application/x-git-upload-pack-advertisement
Content-Security-Policy: default-src 'none'; sandbox
expires: Fri, 01 Jan 1980 00:00:00 GMT
pragma: no-cache
Cache-Control: no-cache, max-age=0, must-revalidate
Vary: Accept-Encoding
Transfer-Encoding: chunked
Date: Mon, 08 Jun 2026 02:34:14 GMT
X-Frame-Options: DENY
Strict-Transport-Security: max-age=31536000; includeSubDomains; preload
X-GitHub-Request-Id: 82EA:1410B8:792EE:66226:6A262A26

22
001e# service=git-upload-pack
0000
Received:
590
015bdf777099a0cf685bed08ea791bf2409055fd49c3 HEAD
Received:
880d75ce20ac055f1df40ad96fc28ad7e944 refs/pull/59/head
0000
0

Anonymous: Fetch received nothing.

SSH: Authentication failed
SSH: Authentication failed
Requesting credentials for git@github.com:lissy93/personal-security-checklist (user: git, allowed: SSH key)
Requesting credentials for git@github.com:lissy93/personal-security-checklist (user: git, allowed: SSH key)
personal-security-checklist: Using SSH key ssh-ed25519 fb:f8:e5:b5:b8:22:78:ae:41:fa:b3:e4:25:d1:98:a6 (try 2)

8080: Using SSH key ssh-rsa 4096 ea:1c:d1:76:e0:7c:0c:6e:e9:60:d2:b4:a2:82:4d:3d (try 2)

SSH: Authenticating with SSH key from file for user 'git'
SSH: Authenticating with SSH key from file for user 'git'
SSH: Authentication failed
SSH: Authentication failed
Requesting credentials for git@github.com:lissy93/personal-security-checklist (user: git, allowed: SSH key)
Requesting credentials for git@github.com:lissy93/personal-security-checklist (user: git, allowed: SSH key)
no error
personal-security-checklist: Using SSH key ssh-ed25519 d0:55:1f:77:4f:96:84:ba:77:5e:8c:d8:b6:cc:bf:d2

Interpreting last error as: SSH connection rejected. Make sure SSH key is valid on github.com.
Retry after 'SSH connection rejected. Make sure SSH key is valid on github.com.' -> NO
8080: No more authentication methods.

SSH: Authenticating with SSH key from file for user 'git'
Sending GET request to https://github.com/trimstray/the-book-of-secret-knowledge/info/refs?service=git-upload-pack
Connecting to remote github.com port 443
SSH: Authentication failed
Sending request:
GET /trimstray/the-book-of-secret-knowledge/info/refs?service=git-upload-pack HTTP/1.1
User-Agent: git/2.0 (workingcopy.app 6.8.7)
Host: github.com
Accept: */*

Requesting credentials for git@github.com:lissy93/personal-security-checklist (user: git, allowed: SSH key)
personal-security-checklist: Using SSH key ssh-ed25519 d0:55:1f:77:4f:96:84:ba:77:5e:8c:d8:b6:cc:bf:d2 (try 2)

SSH: Authenticating with SSH key from file for user 'git'
SSH: Authentication failed
Received:
HTTP/1.1 200 OK
Server: GitHub-Babel/3.0
Content-Type: application/x-git-upload-pack-advertisement
Content-Security-Policy: default-src 'none'; sandbox
expires: Fri, 01 Jan 1980 00:00:00 GMT
pragma: no-cache
Cache-Control: no-cache, max-age=0, must-revalidate
Vary: Accept-Encoding
Transfer-Encoding: chunked
Date: Mon, 08 Jun 2026 02:34:18 GMT
X-Frame-Options: DENY
Strict-Transport-Security: max-age=31536000; includeSubDomains; preload
X-GitHub-Request-Id: 82F2:111913:77010:64873:6A262A29

22
001e# service=git-upload-pack
0000
Received:
3000
015b7d37069a361d3fd9f214480755f7969744e866fa HEAD
Received:
d
0040c8792783ec6fdd2137f8b3961db1bd9d21f3998a refs/pull/114/head
004060433457ccd7d86f1cde3d1550abcdac7045dfcf refs/pull/116/head
0040f42b65280d46c84a7262271d8c916f08c5ed057c refs/pull/117/head
00405be70de488d16cb50ef4b215e5d875c9580fda69 refs/pull/118/head
004052420f8e440fc0d947aa4d3f116aaa9795259851 refs/pull/119/head
00402d1afa7575f8347086b662695204294d74ba1d25 refs/pull/120/head
0040c42c37ea6999d738d7540551a2809854161bf274 refs/pull/121/head
004088c25d0079be07cc4322374425c705166eef443a refs/pull/122/head
0040bcef394830a8af349b182d125c1afa92fa041e0e refs/pull/123/head
0040cf0b07848bea9d4a0bd15829de32a0edbc31e006 refs/pull/124/head
004018017122311ee14a99f7145589b9c83427374d5f refs/pull/125/head
00403951433d8e5e0167aa241c994d9fcb273a21687c refs/pull/127/head
0040494827eded0c92f148f6ee1eab16b4ee82259111 refs/pull/128/head
003f340e3c5a8c586987614116646ab6cdcb33000f0a refs/pull/13/head
004058ac1c1b3d1ddeb1cd7ac244ace38ccf4ac7edac refs/pull/130/head
00409af92bff5e29bb5171c8d3bafea39c169b8a9101 refs/pull/131/head
00407519482d7f6112df9a257fd348cedf2a13755d2a refs/pull/132/head
0040ae8f555617956f4298882b69ec8422ccf931eab7 refs/pull/135/head
0040954423bc42be344ce8773f32c0ecdfeaea2678f6 refs/pull/136/head
0040f1a5d959e497faf611b1fa1755d5568454b7447d refs/pull/138/head
0040b6715fe64df176b3992c09863a0e2a3b8cae02bb refs/pull/139/head
003f340e3c5a8c58698761411
Received:
6646ab6cdcb33000f0a refs/pull/14/head
004072cf00a546e75ec2689ea7bf88e56b1bea26cc8b refs/pull/140/head
0040c336b51e7824303b60760aeb3e58ad146d3107dc refs/pull/141/head
0040f7f3525a4930412e9859ccefde8b993a3e98f15e refs/pull/142/head
00406a514310bdbb5bd759f6f31e0b9fdcc3d53d7349 refs/pull/143/head
0040fb4b52829165ba7b00dee86e6bd9765fb912807b refs/pull/145/head
0040e4b0fffabf0668a36102581bcfa4ac6f6ed882a7 refs/pull/146/head
0040a2d36b26078579e0ddfce7bf7032fba168f172c5 refs/pull/147/head
0040531ae95b5fdc1b0b9196839b276f4980026a95e0 refs/pull/148/head
0040563837da3b2e7fbf2d4d7f8eeff4f40d2f69c9d3 refs/pull/149/head
003fd752fb54f317d384594f646a6461e62ef586515d refs/pull/15/head
00408c5d4adc8cca9543cb9a66b8fc9c4f147928b382 refs/pull/150/head
00404c4d5011ed42a8c3c475922b705de94639311a4a refs/pull/151/head
0040c386654efa3ecdc73cac882004c70fdaf581246f refs/pull/152/head
0040e1862516c74a9710ba27cfb5934b3dd2da7a86ac refs/pull/153/head
0040093e64bd77d97a4510e14e8ab510909eae6df4ca refs/pull/154/head
00407d2e56adeb6ef1217ff132d5dbce5525e3932d02 refs/pull/156/head
00405956e8f0e1d5779cdcdcda6396b0e55264336fe6 refs/pull/157/head
003fb790486976eb4994e9b75ed0bb802a8bc733be6e refs/pull/16/head
0040accc4ab29d19b32f8a0664301b98ad86088953b3 refs/pull/167/head
0040e19324fc66631ddf6aca942b80bc8cf7df2a1d57 refs/pull/169/head
003f4df95e33b900edd2546882067f5bd237b0174ba1 refs/pull
Received:
/17/head
00403032132092498c8b4c7d6c3cf166d65fd4dd71fa refs/pull/170/head
00401f4eac14f166fb986e97d775457072686976ad2f refs/pull/171/head
0040fa6d8ce963b58f31eabd0e1681d3d948c437a765 refs/pull/172/head
0040a52ae99c0040bd8719ecda8626a712234c43d47f refs/pull/173/head
00408d6c44ac744c1335c9a8d536517ce3ebdd878598 refs/pull/174/head
0040bf11beb10824ac075660bc831af1cc6e1da22512 refs/pull/175/head
0040fef77e9836d3ab34b6db0c6878906cd0f14a04bc refs/pull/177/head
004074c1ec37ac7073959870cb398c69ee3c228f5300 refs/pull/179/head
003f72c4b119f6b8b5f3cde49650d14ee0c71fcf5cfb refs/pull/18/head
0040423e642659667546aebca89a4789b1394e85efd4 refs/pull/180/head
0040f17d84fa6a64052df49e69b894294d08b44c6429 refs/pull/181/head
0040cd6f1c274c856c3ec164d633a30658b67c51d299 refs/pull/182/head
00400d87c85256713b8dcd7045a53a7fae28e32e6f4b refs/pull/183/head
0040d2ebe14f6643779954bffe4ffd7c96ee28479337 refs/pull/185/head
00401effa486eb7582aae33dc93683c75f1bc09d4ac2 refs/pull/186/head
0040f07d8148bdfc01451a56163d11f5491ddc71641d refs/pull/187/head
004094ae695fbba36fe047e39bf2994b689bcfed43b1 refs/pull/189/head
003f467408a9f1c535ef3a3c821d41a3a91646b373cb refs/pull/19/head
004054f1ecaecb6afc41854cfbcbc01ac5fb8301d403 refs/pull/195/head
00406bdb2a068c5fd09a2d8662f1197941893cb7042f refs/pull/196/head
00400588c43bba6d64b62e86ae3dcb238389c84c7647 refs/pull/197/head
00403de652405990583
Received:
7bc9a284a82f589b2a95ab7f6 refs/pull/198/head
0040a83e849ecea8c23a25bebe8986c8f76f7ca00f8c refs/pull/199/head
0040b29cd382a0ea147460bb061c429fad789c6a58ea refs/pull/200/head
00404208a50ee7fab77a85ae98ed0d050ce930ab70e7 refs/pull/203/head
0040563a0b390330712b7121d41d44a9efffa88d0c50 refs/pull/205/head
0040fe33d1db281371da32b8e86e676c13e6ebc60fb4 refs/pull/207/head
00401733c5bccf34f3c1cf42048450945f3602f97507 refs/pull/208/head
00400f506c0c3451da379eec49a3d92819784aaa72c2 refs/pull/210/head
0040107aa96c77068edf208918e24d8148e1497186b0 refs/pull/211/head
0040610442d02c21bc164fd7c6cf3bcf51c107f5f24f refs/pull/213/head
00401392e4b5bbfb0404c71f5c2453cde00060cb4124 refs/pull/214/head
0040eca4819168350065d84f7b05cd10b861fa4bbd81 refs/pull/217/head
0040e264cf71fc8c8b3d5f41ae336e5ab279eec370e5 refs/pull/218/head
00401349a53f47ba2b013b29cf7c4de63148365e4715 refs/pull/219/head
003f7a977cafb801dd7817d2814dc39f13761de84829 refs/pull/22/head
0040f911680d0cb356c4822dd01b6e5bf8bee35923fd refs/pull/220/head
0040dc9d28e750023cfb005a374e9706b31ec58388d3 refs/pull/222/head
00405c4642ae728a4ee162a5f6a2338afd78981f642a refs/pull/223/head
0040a01933053ee09dcfcb694d48d3dd6649a0a9de9c refs/pull/224/head
0040f8a994327e0f76caf13a64d6cff90849668394a2 refs/pull/225/head
0040562e55040bc1fa96bb4dad32955907463c4695b7 refs/pull/226/head
0040df9d4df30227e06dc5a883e39647
Received:
12884f14d8ab refs/pull/227/head
0041badb8b6aaee337ec5c5dbd07bf0ec78aad2df3dd refs/pull/227/merge
0040c750cbf9a0c77175e35f2f94e3e60467505aa2f9 refs/pull/228/head
00406a4adcbafa3db7b655b90826278c83b7b80a202e refs/pull/229/head
003f7693b283b908854843f019b2c5133556699fc569 refs/pull/23/head
004036c7bd7e0626d39ad148eaeb84929d34837dfc9a refs/pull/231/head
00400d959632d1175833113de515b9c6402c350d5b7a refs/pull/232/head
0040a0c9f28bd2847ac66656a5f08271451ecca08323 refs/pull/233/head
00408e9927d905cfc3b7230cd9b74091740c8c9428a3 refs/pull/234/head
0040f4466341f4869f74a7d598d7c3980dce38372940 refs/pull/237/head
00407d5cf56c5dfc6d1236b512596b91d11b2c7602f8 refs/pull/238/head
00403dba4e6bfc10996769ef450c626ee8dfb371ef36 refs/pull/239/head
0040c8706e313c4670f76ac1ec84a057a2f9f6687e51 refs/pull/240/head
0040efb518c7164c15630fbf39518e3700a93d6b1ede refs/pull/243/head
0040c00c09de7439aba1e0070fc9f2693665bf0f6e65 refs/pull/248/head
0040983ce7ec1ef49c6465b096d9568ac395ce3081f5 refs/pull/249/head
003f25fb22108f1404a3f53010dfbff42a5bbd9f8399 refs/pull/25/head
004018fe986635a10a5038b7f9a4b792dbdb97c39317 refs/pull/250/head
00408317bd37cde06635bd94cfd6e223903f962d24d4 refs/pull/251/head
00401134bee0205b5bf9445ae3608d58cf1812376f89 refs/pull/257/head
0040b9fdaad9479c06970a7afd641a98fa5564ee4a61 refs/pull/262/head
0040e84150af3c113483a1d2f35faf79356c07f800a3 refs/pull/263/
Received:
head
0040d9eba9c1b78f9dba93c61d2d20ba1005d48ffb80 refs/pull/264/head
0040b124d8d23f4f1ce5f5bff162f381d3aea7050aec refs/pull/268/head
004187027956d7a80e14d3e42b57421aa1dd94953fa8 refs/pull/268/merge
0040349d93465265a956f3aa44c217bbe96298f35ce4 refs/pull/269/head
0041a1179d73a356979b8ce5b60fd74ac104001358f7 refs/pull/269/merge
00404752d3134ebe7fb58e8ac5ff8a53ccfe4d221d57 refs/pull/272/head
0041f5b3ec0b6a7d7f52fccabac191913ae5aff4c231 refs/pull/272/merge
0040ade8ad707a6501007d637b356500c5a382faf32e refs/pull/277/head
003fbde93d77dca1ea203e3b5f419727a71e0e08ae56 refs/pull/28/head
0040c6e89e29c3a07e1d3a4917c5f7287aefc10b2245 refs/pull/286/head
004028ccf04c7a1e134c26e377069827776a66b4abf9 refs/pull/288/head
003f01c6ee220c580ae59f8aca017ee05754c881d20b refs/pull/29/head
00404b064d005fcbb912d11901eb1a9d2ae90867d5d0 refs/pull/294/head
003e7b14afc2a800f4256b9e99f04308f451a48360a2 refs/pull/3/head
003f922fbee0b4f5ca4fa5279fa69a7f9e4e61301abb refs/pull/30/head
004031ae55b6f1db9758f957715348d0094a16e80fe9 refs/pull/301/head
003fd0d174693829652493cf81b39f4edab663318f84 refs/pull/32/head
0040a38edf26e193a9d4af543153fed3e7520bc5ac2e refs/pull/325/head
003f667368144b22371781a9dbbfa113acba868da83e refs/pull/33/head
00403d1767f69a8ba6a70a6c080299ca01afb49066d7 refs/pull/341/head
0040c910d7be665ace12885a4d9f8c2dcceaeb9d24fd refs/pull/348/head
003ff284e674b75dc8a11f270
Received:
bb403056643fd8ec0ba refs/pull/35/head
0040216f0d78560c25f32ec105e749b78ec121c52881 refs/pull/351/head
00408c89c6d53893a666de6179811615d24f615ec4f0 refs/pull/352/head
0040db823f6b702da48986f6c87b82f7720d33280be8 refs/pull/353/head
00406a7ce0485558dfe83f852a5c61643f9bd968e1bd refs/pull/354/head
0040a682ab06a4b079c8c85d422f20e623605cccdf11 refs/pull/355/head
004102c74f7215fec61d1ae06f802bc3aa5c149d3d44 refs/pull/355/merge
004031f91ee0eb18e1da91d49cc7d07300667d97fb45 refs/pull/356/head
0041f2ca87a69e2b527e7abf537be8da7edeb720ae1b refs/pull/356/merge
0040ae7dc4557592132bdd81d6c81822acbbbe6c70f7 refs/pull/357/head
0041798105dd29d616aafef4826266118ec116f98764 refs/pull/357/merge
00404f2eccf7b574394714b8c5aba536d2aa333e1f2c refs/pull/358/head
0041d4971bb0a8e488625160014ef771d3dab8c37dfa refs/pull/358/merge
00404507af97cbb5a31d948c58a62980f268e0054f03 refs/pull/359/head
0041f44651f042a88c4f889d741bc849ba7ab76298cc refs/pull/359/merge
00404e344c894524d819258021f7f740c82abdec1377 refs/pull/360/head
00419b44ce9be84755a47b08dcbd983ed43fe749389c refs/pull/360/merge
00402f62b4db8a7d8ccafc130b2107befdef568deaff refs/pull/361/head
004036d554059900da67ec3e257292079c6c4845a914 refs/pull/362/head
00414e80fbc81a7348d91268df7bcf9c6c085e65ae17 refs/pull/362/merge
0040aa1b344b3e033c248da1750ee720cff2927d0d87 refs/pull/363/head
004167f3ff4163ce9ce3a16d6adc12d3f1e148e28bbe 
Received:
refs/pull/363/merge
004009611b0f08f3944138d703b7aa675a8cd1e44786 refs/pull/364/head
004146fa093aef6aec5999f0f71980b1f9e1cba5af18 refs/pull/364/merge
0040ef4254db06465df04f2c0935b6c920c540b80b3d refs/pull/365/head
00410778591131cf9c7213af76bec659c3b1866ea1de refs/pull/365/merge
0040c83b20d2b2ef2be9a7f64d37af318ec499166ea6 refs/pull/366/head
004085b7a3a869483c8e0356c9c2657f8dbb5bcfa4ef refs/pull/367/head
00416cb4137884fee8370c814cf3888f9dfe1f914fa4 refs/pull/367/merge
0040b6c4638a24e156a64534caba7a1a87f60e4bed75 refs/pull/368/head
004104f2d4c8ed51088cf32149f82b144eb5e0e78841 refs/pull/368/merge
0040df37e6c93b18bab90c11a80e37dcc414707193af refs/pull/369/head
00410598e615c0fc2b32e1ab75b80c30caaa5c24d837 refs/pull/369/merge
003f6562e06ee21646d44f2551c3a6108bcbd745f731 refs/pull/37/head
00402b2cd399928b7041a2b7c18c35ab88f196006c74 refs/pull/370/head
0041ca50527acd8c8d6d3c42faca4d4ebceb77e53751 refs/pull/370/merge
0040a6ea946913751bf55e041f6b3612a4c8eafbfc46 refs/pull/371/head
0041c2d36d79fdc3081b1a5d48821240e9b2de6a6e60 refs/pull/371/merge
0040b3e10dca215bb7f2ffbace7dec472fca6a9084f5 refs/pull/372/head
00412929e5e0553901a699a2972a18e1ea03bc6bc3fd refs/pull/372/merge
0040c77dec882faec85a69060f6c25e28c594345bcdc refs/pull/373/head
0041539f61576189b9f041c56dcd989497c99dba3523 refs/pull/373/merge
00406fee6e3fa37dc90079ac7c84ec804b07239b
Received:

6786
ad74 refs/pull/374/head
004127b61eebe7063fe42fc4a926f89fb19da3e2287d refs/pull/374/merge
0040bacf4742bacbf218971efb1acd8ddd521b5d16f6 refs/pull/375/head
0040720761da145d6aef0db3f7edea85dfcb9f6340b1 refs/pull/376/head
0041a0dbc30c8f533c769d01c1fc4aaf2e0de4491698 refs/pull/376/merge
004016bed4809d9f9ca4105d2d10acf0636a3a8527be refs/pull/377/head
00418da0c616ceba3294de63fa1e6073c8d46f0494c7 refs/pull/377/merge
0040d8e31f7561b8bfb877f07caa4df9d06f47b1d8be refs/pull/378/head
00411c6cd788f2af80b097f86a0a65fd6f66b554a327 refs/pull/378/merge
004017c122ec0329fe80d763d042a2a4bb2d5cb9f6fa refs/pull/379/head
0041fad8567c3463f88ed9a6b636fac28ddf90e408dd refs/pull/379/merge
003f66f2a845a6e927ce71006922720d79efa1d55dca refs/pull/38/head
004089b8d4dde8fc2c6c6ee273bda6f2cfd89b68882f refs/pull/380/head
00411ede2c66091bb3f690bc0ea55a325ca8cd137472 refs/pull/380/merge
0040e7fc797d5385631525c408be49d6ca5e5a1e8981 refs/pull/381/head
00413edad1c1256c19276f7496cdaf8a1056ab64494c refs/pull/381/merge
0040b7608d2e2855e3d48a7c71f8bd0b0dfc0c40389c refs/pull/382/head
0041b1cd424d170ebe693a90bba1893e972ec00407fd refs/pull/382/merge
00406d51bc7860e18b770f08df8b84b68e17b902e50b refs/pull/383/head
00409734f2c880c89e27d7569d0367f9b8733785f217 refs/pull/384/head
00411e611b7717c63945d26e6cdb862e61c5d8b52762 refs/pull/384/merge
00401eb0f974c05f267cd2a36dcd95e8e271b8c0cddb refs/
Received:
pull/385/head
004002a470a9e8d0458b2da6cccb4034fc06713b7152 refs/pull/386/head
0041d850e5b064fbe32035214fdc34b6fc7cfa9fda65 refs/pull/386/merge
0040fb588667dc21082fe5eb03260eb0f4ca22a239b4 refs/pull/387/head
0041d27c151c44f5e4852dfb8d12ab27c51e09b8708c refs/pull/387/merge
0040afa6a1055d1812619423b1302dffaba53e223c9d refs/pull/388/head
00413e6cce2ba86c3750da55faed5d76d40f1fefe2d1 refs/pull/388/merge
00407944d2ba1020e1e110c656f207263028b5b54555 refs/pull/389/head
00410ae8498022a23f7e6fd3bbed3072ae5e170d9452 refs/pull/389/merge
003fb8c363ec7e7d2271f76874b644506dd3d5f14f6c refs/pull/39/head
004080f26b2373715492ccf1dab87b9c203952cc7044 refs/pull/390/head
00417d878f7cf20d0049f8e87588b2196145e71d4a3e refs/pull/390/merge
0040ba87c13129771f6b159b0f9e5f434b78cc3496fb refs/pull/391/head
004178dac6abfc3353fd186c35df2d5e7650f3b5fc65 refs/pull/391/merge
0040f1683128e15d6d18d51ce438a0fadbb1470954c4 refs/pull/392/head
00412ed72b521f8f6fbbb6a8aac6f88c078266ce93fe refs/pull/392/merge
0040188ca9ef3ea3635af2ed24454c412ca7f759be98 refs/pull/393/head
004150a52c8db131be24a8980602d4e1e6a25977ee0c refs/pull/393/merge
0040d706084813cdb23c5cdfde06d3b70146b697f94b refs/pull/394/head
00416e60637b5705adc9d63dc009d0c23c3beb8ab33c refs/pull/394/merge
0040acc8564fd4a6bb149f8a071ad7505f0ae14ea442 refs/pull/395/head
0041113c8450f1366dddcedc0c4107de271847ea7f7d refs/pull/395/merge
004
Received:
0fc135bcb2a33dc9231b60e93ae13321279dfdbca refs/pull/396/head
0041ddb41b77ee0c059dac84f2c5ce472e6b7d1e1bdb refs/pull/396/merge
0040c7246e4e7b685180cb5eb96eb0c1d1f3f62d65a1 refs/pull/397/head
0040f3776947c34d06e8a016a0513b2f1df744d27484 refs/pull/398/head
00416cf0493478b3ff23a1337b8bddfe458a0a15ab44 refs/pull/398/merge
004048d6985d3be584dfac61434b3e12c7b168fb4020 refs/pull/399/head
00419f3906617c35aa39cb572f7e72ff88884f5efb7d refs/pull/399/merge
003edc16ab4516d13271e34c891dccf68a8aa4b353ea refs/pull/4/head
003f39192cfb1b479e9f9811e2d32b4470930e98ab7e refs/pull/40/head
00409d0eebb4eb56b617c1c17ca286e89538865af254 refs/pull/400/head
0040266200b7214ce88cacf675764c4987ee84daa47f refs/pull/401/head
0041c3b8576fa2b951ffa1a1a7ac853a4d03fee7c214 refs/pull/401/merge
0040ec54ec8449e3031c5e562dd608dceb1a983b91a5 refs/pull/402/head
00401dab2f0cdcfd010a65d9dcafd0005d22a3461fb7 refs/pull/403/head
0040430a5f684b6ca0bcf75af8a5d19e22d083c7b80f refs/pull/404/head
004091f0c7dded60322aa1fc14ba7240d94e252422c8 refs/pull/405/head
004103349db332da89fffaa864983fd9bc81bd2b46ab refs/pull/405/merge
00404f06786e8b57add9b25d72309c54555599b6365c refs/pull/406/head
00416ee897ffc67e7f8cd41d85c3bb5bf050ae744430 refs/pull/406/merge
00408b81c87d53903ed0aed02caa46538ea030cf48e9 refs/pull/407/head
00411a977948f3f277d58fd42d1cb223cf9db155ec2f refs/pull/407/merge
004018286735f6c6fde9bc316
Received:
e974960388408b7bf80 refs/pull/408/head
0040efd919257b9fa32d3e43805786446c5497d47dd3 refs/pull/409/head
00415cca3e6a883d174e739a1c6c8798bce2ca6a9fe8 refs/pull/409/merge
003f8ad7a47b7fd0d4cf8f105602156f483a67893119 refs/pull/41/head
004089b020a4f183691ab44fd08a8a1ed4b380dc26d0 refs/pull/410/head
0040ea6e0e472f6bfddf2f137b1fc88be7f9df8105f4 refs/pull/411/head
00404255a6038316e5883d9b1f9a8d72d9e3a81c9b2b refs/pull/412/head
004153f4ea7e68a01c9d90c590e4e52ec92068e06cd4 refs/pull/412/merge
0040140c25a72af06ad70bf05038902fe58fab6ba2d3 refs/pull/413/head
0041fcec9237ab2d0212b995be04a5f56938e06a7c32 refs/pull/413/merge
00408f87f4df97fc91896cb8802084c68d5bf1c1c71a refs/pull/414/head
0041e55af336ab7ad911ac1a4b4f09edf0bbc92dba87 refs/pull/414/merge
0040504b9fbe9a20119e538f947850ca85dda3a81c80 refs/pull/415/head
0041d2c43dcdcf30c90441597e393f34dd56e3929f10 refs/pull/415/merge
0040e810b8faf11c1527517a00604ba2f7573e22990f refs/pull/416/head
004134e39a25b461447f8d5c06394ed2615a7e5c263d refs/pull/416/merge
0040fc95ebb791602a1a2d81fe4658fbea11b430b7fd refs/pull/417/head
00411d9729b0f38feed12bc2ea5cc91f0fb67bed3327 refs/pull/417/merge
0040349ed69c98a57a8d35b876aee981703ac461d04c refs/pull/418/head
00411a0be62eac602a6e5e34784ab046968576ca6210 refs/pull/418/merge
0040b0e56cd576e559ad2b7b0a3f7e3bc2466ff01afa refs/pull/419/head
0041d5d14f22f1669827c81d3cd09174088f92ef2118
Requesting credentials for git@github.com:lissy93/personal-security-checklist (user: git, allowed: SSH key)
personal-security-checklist: Using SSH key ssh-ecdsa 256 5f:be:4d:e3:1d:f4:be:40:7f:c9:23:0b:96:4d:af:b5

SSH: Authenticating with SSH key from file for user 'git'
Received:
 refs/pull/419/merge
003fde62377d8c3361f6deef07158cd8a6df26f224f3 refs/pull/42/head
004031e3188c3aa1d0182afb00a065e70c853bf99b29 refs/pull/420/head
0040bcd5527de6d2efef3f84e3533458622a27f9e4d0 refs/pull/421/head
004158e66bfceff7b52871a39b7fe72042ed72421330 refs/pull/421/merge
004039942c48ba59039e471f63ee3ae1e1b62a1c5ea4 refs/pull/422/head
00403fc549dd7f2b240537c70c8f5c176aa46620078a refs/pull/423/head
00416c2bdfec23bf3b553dae20eef328cf3aa8e03ef8 refs/pull/423/merge
0040ab5adf07b9a7566ea8d34d149ba6a74bb066f91f refs/pull/424/head
0041ac1a19a1e5560eb1ab6675b2d561d3a2af8327c4 refs/pull/424/merge
0040744ffa5cfab83daf6790081256d198dde69e6525 refs/pull/425/head
004055ee814e5170bf6110d405e2ce3d7ce6246ae012 refs/pull/426/head
00414f6f3446f88a7ff8b4afaa26bc78754c3586aa93 refs/pull/426/merge
004053cb77de51ff267f1edc8ee0dbe556d867c9fffb refs/pull/427/head
0041f46d5e48d85c6073e382dac0d081b518918f1096 refs/pull/427/merge
0040e750a6bd2fc017caf089245bb1d85a7946c18e65 refs/pull/428/head
0041f4f5ab04d94b792c8372d5c67fa7259aa6ad83df refs/pull/428/merge
0040b61e616d43d2783527b3d9c1ae3c90b5284d0118 refs/pull/429/head
004111036dcf210fe0bce5e301456ecc001fb536958b refs/pull/429/merge
003fd7038f6ea68bcb81a43d2521d8f5f63c5174d800 refs/pull/43/head
0040fcfbe5caeb3a1ade36c9e539ad5f529d59e5317e refs/pull/430/head
0041ef56950f2a2533c82f8a637e3204f7e48f109734 refs/pull/430/merge
Received:

0040ef8b4457ca5ec1fb2a0ef91466b0d01be898c7e6 refs/pull/431/head
00409d0eebb4eb56b617c1c17ca286e89538865af254 refs/pull/432/head
00404f08a041ccffcbc3d7f148edf01da15b604e5cd2 refs/pull/433/head
0040a61cac4d5423950116ac879335743fd82022a87e refs/pull/434/head
0041f8f0d63f312a24c162c47502fdea63787117f40c refs/pull/434/merge
0040f05068d1d4515deffab1c49bd6b128a4d43126a3 refs/pull/435/head
004101091aa5bc35f41d7a7c362a4bbecee08eb80bcb refs/pull/435/merge
0040fc8646188a2e9dc21aa13e143eb9c8b9b718c82d refs/pull/436/head
00417b5a90545093badce091709d75dbf17faadc23d7 refs/pull/436/merge
0040836a67df5f3c98e17bc59e4e2531b5526032f794 refs/pull/437/head
00412ae734da8792c28da678620577f630b80d823295 refs/pull/437/merge
004001f7fdef8f13dfeac5dc6c3d36969242f5baeb31 refs/pull/438/head
00415d1ecfb942cb7c9eeca499548418dc0cc4f5c91c refs/pull/438/merge
0040aa819944b54f04bb4bb389fb233c101acd66663b refs/pull/439/head
0041f4079277266c2721766745fc4fc3da50f934bad5 refs/pull/439/merge
003f5e9b7c064085a9e67734f11e18332fe3c3dc4385 refs/pull/44/head
004060891c38a904b7f78f88515ba54b5c09dfada602 refs/pull/440/head
0040d5ff76ba22d858453bf3f14ae8c3acac4e1fd21d refs/pull/441/head
00410ead80824e6f052176cb428b0e5b5927a565e6c0 refs/pull/441/merge
0040df69fb1fb878903c7ace3166d02c9b50c3696227 refs/pull/442/head
004117ad06ab71e9f0b1fd22245961aeea81f31a5d79 refs/pull/442/merge
00407f5a191d2a18b8
Received:
ccf391b66b43a134568cd4b3a9 refs/pull/443/head
00406cba5e2f238036a3d1bb75bddbf4423b12d65e55 refs/pull/444/head
004029915a4dc39d529c05cd81f890bbcf81631a1d59 refs/pull/445/head
0041177b296c9159884157421824ed27f2dd127f3291 refs/pull/445/merge
00407563d4523d40957b6fc824cf8b4688b3dfa8eae9 refs/pull/446/head
0041f754793a3552b0582d09869f8f478dea1617fa8d refs/pull/446/merge
0040486be04fe892bb60a97616e2daa8d2f91dcaa051 refs/pull/447/head
0040403519ffcecabe4a92bf153de171f98f52e611ec refs/pull/448/head
0041f0489813b7cb737b849c8c4eef8a9fa5b1a52f40 refs/pull/448/merge
0040442f559bea5f1d86ea6707526e141015326279d9 refs/pull/449/head
004146e47b044a6d398e08e17f506d2537b434d91328 refs/pull/449/merge
003fee4ff6571f01f6024d6481d49e6c5c044914f660 refs/pull/45/head
00404a0ed0f413d9a3bc8fee5f67186fc0ce8e800644 refs/pull/450/head
0041fec82c577ef2cb59f707eee437e3ce69062d6a00 refs/pull/450/merge
00408efbc8d475f971a3d32dc9e7fe96bc04832d44ef refs/pull/451/head
00416afe0e8654ab6861a0a4947e1de110352cb16b16 refs/pull/451/merge
00406fb11464d9d4b9a6f335e67f55ce2de56a444122 refs/pull/452/head
004003f93293f637426975d1e1a0c50cfc08ce5263fb refs/pull/453/head
00410b87c4974b51d709fb1434a038b149d437568e7d refs/pull/453/merge
00400ae3f549bce6a7013ae606f993477ef182fb982c refs/pull/454/head
00416d1da431552004b20a0fea9a518bfde0c3ea4412 refs/pull/454/merge
0040255f4ad25715e5458a52b554fe9546117
Received:
71ab1c3 refs/pull/455/head
0041edf90622b1dfde6cb4efcc4f625e484e92649079 refs/pull/455/merge
0040122233b1bdf207179d76a6074daac308ec773af7 refs/pull/456/head
004013082c26cb9e485040c22ad1c8527ee2b77e4ce0 refs/pull/457/head
00409e2dd75b6a1516127b5572958d0d965433b8a78d refs/pull/458/head
0041d8e44534cd08962da6e39543bbccf6f22c26d495 refs/pull/458/merge
00403e805d3d52ff70a81578ae67768fdfa6fe4cf60b refs/pull/459/head
0041012db434a6ca657974dc477589f52364548addfd refs/pull/459/merge
00407996717f81d15effd4f6bcd256f7d5b71e8ac635 refs/pull/460/head
00416c15eb7f0768c20a28a31ec7d08c41ff70c3e1d2 refs/pull/460/merge
0040af5d1edf20aa913ad5e2787f9ce5cc6e0e02cead refs/pull/461/head
00419d0544ab4677b830ab26cf2dafc01f45d7e5a8d0 refs/pull/461/merge
0040efbaa7e71f0318e518e79b6c2fd776fe5eb6ffa5 refs/pull/462/head
0041f6417fedfa037a3f15a07853f147172110fd7c1c refs/pull/462/merge
00407c0d4b48d2c2fcb03d0d4886ed1661ccddfee48e refs/pull/463/head
004146a35924839a86c89dd787a302029ec132ceff2f refs/pull/463/merge
0040d5dedb8256194787995ed9ab43229c3de019b63c refs/pull/464/head
0041054e09202df3ad0e28d535da47ed6c2a3f5d49c0 refs/pull/464/merge
00406911c5a472df9b3a2ad135d7bf4dfe5ff37684c7 refs/pull/465/head
004175cfd3fc87d4fa266b03acb65bb347164ac54234 refs/pull/465/merge
00408fcf6a881260f91aeb7c076e5026e4b476aeb34d refs/pull/466/head
0041919d7f84a674387e222d5746b19734ffba4711fc refs/pull
Received:
/466/merge
0040ce5f93b3ff6155c2fdc472492dbeaf1ba32168ac refs/pull/467/head
0040b12170f09aeea2fd7902578e4fdd9a1af0003982 refs/pull/468/head
004181dd93fdd3c91563446510b372478400ff25fe55 refs/pull/468/merge
0040859e32119283b54397d98a0f1226184c69aeb1e2 refs/pull/469/head
004107fbd461090b2e97dd68da86cd1ca0aa63ca2f61 refs/pull/469/merge
003fe76d0bb88880f4f76ac839550cab7e39ed38f467 refs/pull/47/head
00405875ec077549f05d9f51aeb1c9009c2d94834c57 refs/pull/470/head
0041219cdefa42afcd63a6b4830f1c66136082ef34b6 refs/pull/470/merge
004018977919b2e00b9a03e0fee151bb69a278905aad refs/pull/471/head
0041a2fd30edb220d32c373be36f1564f89d8d1e77fd refs/pull/471/merge
004074ad0fef59bec4810a4ba158905635b00aed15da refs/pull/472/head
0041fa3c277f13c2b4d0c7d8a89a9aa2b84cb2a98c7a refs/pull/472/merge
004023223257b05531b59d8884787a3a751f380204ca refs/pull/473/head
004162573c4436c36e3194724fe2beb91f7d3afaaedc refs/pull/473/merge
004008c2f4271c5556f2954497946e0cfb3549396326 refs/pull/474/head
004153fa972cada8e0a5aa5c4e2f1fe0fd562521a17a refs/pull/474/merge
0040660873205b6749b12a396e8d89edcfe7854ee404 refs/pull/475/head
00410cef60450aa2d5059b82bfae1d434c45157caee4 refs/pull/475/merge
0040926ef0f54287b766ed1b6fc050295fbc6ac992d5 refs/pull/476/head
004170ab88babc76ea4206f11a31252e52acf72782b7 refs/pull/476/merge
00401144682dcfc12bf80f6358dfbb559ca5fb20a40b refs/pull/477/head
0040886
Received:
c73dfb57f45c32ebe5c97649b7c916854008b refs/pull/478/head
0041ce68fa01bd41d254077e896fc8df90cf456e3ec3 refs/pull/478/merge
00402101af6d702dff804a488a590df47b5e6961bd53 refs/pull/479/head
0041544ded53ec231dab4130f4f3a436ef4f70efefb6 refs/pull/479/merge
003f791957d328fec1b82eeb2055da9831ea81882c2d refs/pull/48/head
0040243c787d37ae0ef96ea4fe58b73488dbeee4610d refs/pull/480/head
00413b357c87b5223aba98967ad8c65371212feabecf refs/pull/480/merge
0040e31e9c5fc086661c0de5bcb013d1223ba3e7d913 refs/pull/481/head
0041498c218e338d30c64cb89a81674daa8074c7fa84 refs/pull/481/merge
004002971df9fe6a8630f538a9722bb7e26f19827161 refs/pull/482/head
0041fc4aab85e22463aabcd431ce759a787d8c39de06 refs/pull/482/merge
004011f39b6d15f6a108eda181c499bbd822128b7b7e refs/pull/483/head
00419b33b3c1ecc9ce9105772f1d22479c6884b73721 refs/pull/483/merge
0040d77268875577cd4ef1c0b427250eab9e0c2ad28c refs/pull/484/head
00413dba7a60739250813d21962af4c8aacb425f24e6 refs/pull/484/merge
0040e90f2d99cd35cf01163bcc3b9da7b9d698e06439 refs/pull/485/head
0041f3f2faa1e1c4aedebb3d2fc0a2dc660a92fc771b refs/pull/485/merge
00403358385b8f5672d5ddd4d34b1587bab63a8ac811 refs/pull/486/head
0041d2e27b3a46ff6d9348bf77777be7cfa0e02f6299 refs/pull/486/merge
0040ca28ba15dbe5e65e35214e3463f8780d4e2ac60b refs/pull/487/head
00409e5a576170526138d82c3774ef5d3f466cd331c1 refs/pull/488/head
004019a4b67f28a156bef1647
Received:
b355b5d418d53d02887 refs/pull/489/head
0040ecf9a7313357a594e845b28637412f518e3803aa refs/pull/490/head
0040630219480486359323c9bdabb0b7a0f8827eb6e3 refs/pull/491/head
004130ef36212c26b359fbaad90fbeae924e12fecc0e refs/pull/491/merge
0040415ce08400e48d6b4d37e5c7a94616a63ab0c64d refs/pull/492/head
00408a3ee000d860465bafa47ba0830ec9d5e3f7bcde refs/pull/493/head
0041c004320febad777fd3f9f84f0483348c17698816 refs/pull/493/merge
0040817a6ba0fcd6702c568b3a82caff43344acec70c refs/pull/494/head
0041eb8d1b0780ebd76c2ea89d5536c14c1f8c6097a5 refs/pull/494/merge
00405a321511a9e0f11cc169d8410fc07e27495b1872 refs/pull/495/head
004178dfae272f170b1e6d291329a418fe2d5d00a149 refs/pull/495/merge
0040fdcf630fe47fba7fb1f08b1e58bd33dc815cb719 refs/pull/496/head
0041b24b73b3d24cf0f242fc10d6ea982f8c0c0dd95e refs/pull/496/merge
0040ce8e27a3d9f0fa540d9f46e9fcc80ef0536235ea refs/pull/497/head
0041468281c7e7ae49d8b7af7eef37dffee52c2d9108 refs/pull/497/merge
0040a78ab02992bfe75241a9e23ade660d89101db472 refs/pull/498/head
0041b7ac82a2ebe10e0239d72bbf561a444452087bb2 refs/pull/498/merge
0040e4ce2bd6352670d4a42ce0e53868126c94df041a refs/pull/499/head
0041cd22179118e74920903ccb8e2366f4739f475d6b refs/pull/499/merge
003eb14da9f0ec96b34e3c651dd1cf05bf21e8699409 refs/pull/5/head
004095c55ac301c378e73f5f1021e0057d3fa4c896ca refs/pull/500/head
00412627be44756a260d4eb1786cec978fe40a17a254 
Received:
refs/pull/500/merge
0040ca091f99081c79628e31d1114a037a47b44ab939 refs/pull/501/head
0040e618c46934d25adced466a27c86cfd4dd31c77d3 refs/pull/502/head
004029478fd199a83d3c0383e55e6667add9651b97ad refs/pull/503/head
0041f338b60ad49075f3b3ac5f76054628c568b969e8 refs/pull/503/merge
00403d6305b493f1a9ab9c51cc06fa666f9c0c2368f3 refs/pull/504/head
0040fa1da92e7c367e2be5a058e4960238c3f0c93aa3 refs/pull/505/head
00416873942732c19346b6932a6b8eeee62ca2e2cac9 refs/pull/505/merge
00408ead5eaab07d84a29c3efb1644c0193242176e2d refs/pull/506/head
00418de22fee0b4bbc7b41a5df4db1ad088451dec18b refs/pull/506/merge
00400cbdc52d5618a366f20107a647cfe03b3403fd51 refs/pull/507/head
0041c59065941bd9d53fef66f73ea3b2ad0861525952 refs/pull/507/merge
0040ee5ae727958ea14cf9ca79c80be83d5a689e4f6d refs/pull/508/head
00411275cc324ea22862c1d6af28a3a9def640eb67ed refs/pull/508/merge
00406db9493f993fea6ca4a40cbe64859333016c4fb8 refs/pull/509/head
0041f7754692a5de903167a320a6e4f0a63c78a7bcd0 refs/pull/509/merge
003f9eaa778d0ad19b98aa0d62aec540a5f867233294 refs/pull/51/head
004037164d54e1ce16737c2a220958df43402357e536 refs/pull/510/head
00418d2dfa30f4c695e44eada3e13d2ca130ee46e7b2 refs/pull/510/merge
004015f7668a569f18c5b65fe259d085629dfe28d630 refs/pull/511/head
00414a62a9ecc8c4b85394bf530d72f956272c4e4fd9 refs/pull/511/merge
004055a5efc5ca77765c0fb7b85fc33344e9b971e911 refs/pull/512/head
Received:

004162e833dacd5f24ea1a9d9569dbe6b4987843ae42 refs/pull/512/merge
0040b2626d5bb18145cfb04db4ef83f2defa04235e15 refs/pull/513/head
004170fb7dafd92f6a17c4334d3d454f5346cbc13fef refs/pull/513/merge
004028d0a4f9ced167409f45cfd5f852ee7bf4466397 refs/pull/514/head
004168de5365369c262d4bfbf3df78924d261a7784c0 refs/pull/514/merge
0040915a9c9e462233e88e5b04cb1f1ae5512842673c refs/pull/515/head
00416f47e0aedbd23225de18b4a586486a2974ede6b2 refs/pull/515/merge
004068d86eb1378380dd9d8c0ded4c34a8707053df28 refs/pull/516/head
004142536ad02a656febca46c273eaa9d39ff33662b9 refs/pull/516/merge
0040b1d39a973efacd39a5db803506f1dde0365c65b3 refs/pull/517/head
0041c07a2d9976430e2e38e646cbec971476f919e9f7 refs/pull/517/merge
0040e8c72ebeac9bad0efa95a82776a736fdf4118d12 refs/pull/518/head
0041840b91f59d868778661b0a0324e1d8ee2c828a8f refs/pull/518/merge
00405eee7661c3d17b12456ac203aaf7c29ba5ea5ad3 refs/pull/519/head
0041ed6e03aa695cbf179abc2afa5c5828cd813894e0 refs/pull/519/merge
003faf8e10bf33f3aeed701225a5ff5691ccab8b2fdb refs/pull/52/head
004015181a72630d50cf140c843b5fee312fc824172a refs/pull/520/head
0041eb215a5bb34efb25be25b7aa7789362c9b2d2e40 refs/pull/520/merge
0040003bfeadcf4c015b4bc27c724801263cd31ffec2 refs/pull/521/head
0041e19dc5dbff049e3dde6532b7955d9652884bb40b refs/pull/521/merge
00408e2fc84f9539c120d2f44aa56b39fe95e81a4e58 refs/pull/522/head
0041a518e7819f07
Received:
3a8b6ce856e58c3ca8b362a68fab refs/pull/522/merge
0040cfa80419eb4e42b39c0108d6a9b4fc8268dfac69 refs/pull/523/head
0041044bb611f41a9f349fa40fb62d949e9e8492b03d refs/pull/523/merge
0040583fd14118fb167d2ddbda9b320ae483a8dae098 refs/pull/524/head
0041f5ad8289e5d0b7bcd21375c57af762170a59908e refs/pull/524/merge
0040841de412133e88bcd2209dc2f9bec9ece0ae845f refs/pull/525/head
0040efa514827a9d07beb57aa5abeb78aa7eefad60e9 refs/pull/526/head
0041a9313ce4e61f85d54f9a762d26922104649a35ae refs/pull/526/merge
0040581b828f844a91ce7130240a6a0cf2e1c371637a refs/pull/527/head
0041fcffbcf44557954e0e1f3bcdbaeee09b4c0e9e1e refs/pull/527/merge
0040245f29364a88014eb9663a3ec3ef1f70d102075f refs/pull/528/head
0041c3fac150d981e6dc272e33a0364714a6f1a362b0 refs/pull/528/merge
004010871cc4da0361454104cb88903c8d4914fb2cd2 refs/pull/529/head
00419a531ef12f272ea38895815b5f92a4a3ed26cf78 refs/pull/529/merge
0040dbbafd211059dbad1b8dbc853da9bab852d1cf33 refs/pull/530/head
00418d5d2c2a2ef4d9f4ae80d3a07ecc14e7ebd375b4 refs/pull/530/merge
0040bd87a97e13cb31f3cfcbe3739820eec97e98ef18 refs/pull/531/head
004167ac2d6df3e8233d5f4b63597739f47c6e71df68 refs/pull/531/merge
00407a1ce4c0089b31e564e8dda1ba68cf85c6908d78 refs/pull/532/head
0041d829fc7806a12c1a9689d90279d2e15691944eca refs/pull/532/merge
00401b1a1578de9d99ca45015a90a64bc13280ed87e7 refs/pull/533/head
0041baa4ce1564e657d1a427bc01cb68
Received:
83302dfebe92 refs/pull/533/merge
0040d35cc0db9b3178dac50baf4bd890e2d91a5d9fb0 refs/pull/534/head
0041b0bd7ec245c3775ba53ead30ecb151d7b59cea49 refs/pull/534/merge
00408ae3b1b241712a2afc2fc8c4f5b656c9d21cf8d2 refs/pull/535/head
0041a2d6f3b2367cb42a8b0efed60cb9415e9e2cc768 refs/pull/535/merge
004035f51d078e5158506a8a6ceff913c462adbd7d2c refs/pull/536/head
0041cc604c45811f189eacb385ecc24ec891f53629e2 refs/pull/536/merge
004036c1a7a4784f209181ff32f7ccc075b2a2d7ea55 refs/pull/537/head
0041c65a1c2c1bead78016b1492026d518ec413aff0b refs/pull/537/merge
0040194d988d8da620dce36d6545a36608afe371873e refs/pull/538/head
0041819895a3a7d8606dd6b0fd68c55c39226bef30fc refs/pull/538/merge
00405842deaa7ce49e519dba00ad4dfcf407f340f9ec refs/pull/539/head
004149ef3417f74d4dc4277fb99aa0e42aac2a30703a refs/pull/539/merge
004053aece6dcc546d62d954dd0f23f0ed2a3be8c314 refs/pull/540/head
004142225d06de6dc6a5ad1fc906944f3f27ea3b8524 refs/pull/540/merge
0040d2b5ce7e2d29cbfe5cf504c1ce4d48b63800877e refs/pull/541/head
0041364ab78ad2dde6dca5c2ed59f90574e385e1ef2a refs/pull/541/merge
004026b5d9598d0e96ae624e33e28377a1c903a7f762 refs/pull/542/head
004146b02cb6a90a905347fa8e91224ce8d72e6e41d6 refs/pull/542/merge
0040e415165e121a2d0bd76e4eefd44e6226ba3d0ec5 refs/pull/543/head
00413afb1fdfa85dc2b76a844f7d97e43b5db7045bed refs/pull/543/merge
0040064f3c3c84817bfc2c034be0e3a5c7c75792a761 re
Received:
fs/pull/544/head
0041939c94d967bdc3ba394bcae48ba30ccfcde3dfa4 refs/pull/544/merge
00400d8ab323be320671bdc9835651dd6e0ad582bcba refs/pull/545/head
00415c3eaa8079ab0e6799cf6a915e7e3151c88f2111 refs/pull/545/merge
0040f153ca7a45af632d702b40e9059599f6f38da23a refs/pull/546/head
004162527d8217d5acd6acc9116dd37bf3079d21ba7d refs/pull/546/merge
0040803f1681deba5dafd63c3d7ec704954b257cad6d refs/pull/547/head
0041e3a1cd346c07477414485c3de1a3fe44dafd6053 refs/pull/547/merge
0040ac1fa608c2536bafb7195d6b1de574c72beab8c6 refs/pull/548/head
004121b03bb468a307166ec5c89dedc128c8c19858dc refs/pull/548/merge
00407bc2ac7a9440fb7cc2b24b5c5b152594dda0fd66 refs/pull/549/head
004185a99c659af0140f7b8016a4502bd709c9e37fdd refs/pull/549/merge
003fca1a411e07e43202d681f6f171546ecc4610da8f refs/pull/55/head
00400578b2e018d77fd16e7aa617830144814545b2d1 refs/pull/550/head
00417d0166938587129b327873d3106952b313c836e7 refs/pull/550/merge
00409abf4bbf3caccb7aaa9e096d103398c5244c60c5 refs/pull/551/head
00414d142474e0cd7df7fba6bc6792112e75fe4aedf2 refs/pull/551/merge
0040c7c6869352450985206af88f0a466b72be704cc6 refs/pull/552/head
00417e08e999249b229c6b882fdc8dd0a6e2c44da51a refs/pull/552/merge
004063adbfe74dd8ce8ad3b644936318f72b7700103e refs/pull/553/head
0041f05be5b83eed3226caec45d5e10957b49483388a refs/pull/553/merge
004064fbfff035e8fca9cdfe17dbdc2120e20d50e608 refs/pull/554/head
Received:
00410147047282104d0282c96d03b54316bb9b48e98a refs/pull/554/merge
0040d54705f2f3f3eda4da13ff53b8b2d1e948aa0b9c refs/pull/555/head
0041af339c699df4e5da207ef47e23fb580fedf00fbb refs/pull/555/merge
0040dc20d92c203a6797d3d89df40fcafc28e61ceb1a refs/pull/556/head
00415816557895d86c56eb58ccb3b1b2b1b7994a4a71 refs/pull/556/merge
004097eea91327474f9084b6231816845a503f7a5a59 refs/pull/557/head
00410e039e76225145a48cc0deb97dbc3d7af8d184d0 refs/pull/557/merge
00405a95f9a1deddf63b649ef2c9fd4535dbb33f65dd refs/pull/558/head
0041a5db57eab3184374b756d379551964975389522c refs/pull/558/merge
0040505f6b098bc6e14de58fed25c7e28607fd4a350b refs/pull/559/head
00419450fcd0225121881669a8b84179c9472b3f2406 refs/pull/559/merge
003f0e379844cfdb7ea2ce26fec09d96327e931752a2 refs/pull/56/head
00400d5d14deed800a77570d99d5ed961b20118b7400 refs/pull/560/head
004191e76bb9c235ed655b1e8cfad87ba73f59977fd5 refs/pull/560/merge
0040f058957e84e1ea49a57618717d26725277dd7353 refs/pull/561/head
0041a756b494c05eb897b122de8cacedb9569e4a8614 refs/pull/561/merge
0040ebf82b94f73bf79ba176eb3d212a2996b4d273c5 refs/pull/562/head
0041298548860b000c09088802b1f94695a211dc5225 refs/pull/562/merge
00404ff07ff9b3645f2db8db61b9d224ccc5dcbd6587 refs/pull/563/head
0041c365b63df0e02c7a3ea7eeb64f640ae61e9cdfff refs/pull/563/merge
0040310a950e8091ec1c14f725201c5a9a935b040d9f refs/pull/564/head
0041c83ca7a7056c1
Received:
b6d3574f1a3106acc8c9c98717d refs/pull/564/merge
004050183199d010061134c90259310fd0ea1018b400 refs/pull/565/head
00412686ac25f2bb555ae8ef213476964f71a09acbc9 refs/pull/565/merge
0040e02ac9c77f1113a65d2c6d8ba317d935ce89c7b5 refs/pull/566/head
0041f12c1e50ae0336be3666fa101141a439157bcdf0 refs/pull/566/merge
00406a066268ec63605221a4e59a58af0774912222b6 refs/pull/567/head
004110097f87382854077fe0333228b639ffb6e20334 refs/pull/567/merge
00402cfa99e8760103a62f654f6d368ee11aa204380a refs/pull/568/head
0041bb3861a14766e7555ef624f43f28e2253dc19f8c refs/pull/568/merge
0040c52f197e06688ac599ffc0b39985242507c2d664 refs/pull/569/head
0041c13eebe9390e81745a6f1d767a83f876ed65a403 refs/pull/569/merge
003ff5eacf5683ac11dd49fcde8c9ff74f9bdba69ffd refs/pull/57/head
004036c1ba1253be60a41c4e422dff77473ab5696b07 refs/pull/570/head
0041e643d4e17088154263deeafc4f683010acd40a89 refs/pull/570/merge
0040808d772a761c075c661d59ed5f51d62fb3c90a43 refs/pull/571/head
004169c1f3e4b1d3624cf6a3797a33dd33cb8947900d refs/pull/571/merge
003f35845f5fd7cbca3ff272e8f0a6b063d6667c8e15 refs/pull/58/head
003fb7f189988fc3fe5c011c2d73699558a8ada1ff18 refs/pull/59/head
003e9c3bd7d049e34847edce3b31e9859ed9c39b74fa refs/pull/6/head
003f2d80b3b2966a6f145d1de60b432fa2aff3807381 refs/pull/61/head
003fd4da023c23cee4438523510e151a9729e2863d9d refs/pull/62/head
003fedd267bd8c91ca698cc40158bc80090241f03f
Received:
9f refs/pull/63/head
003f824b8a23d3aa0039efc7f355919ef34454b9d25a refs/pull/64/head
003ff5fd4d38c0c7bc2c90b34115d02786121f84cf2d refs/pull/66/head
003fe820bf1535ae26b6ae6796441c99e69d8ddcc4b3 refs/pull/67/head
003f3f79f7ed6580797e44a51a29336b1c1faa505164 refs/pull/68/head
003f86e914fa8f1afb0735cefc2c5b6ec64106a70deb refs/pull/69/head
003e2447190fda38d00314e4e3deec40dd9a2467d0d5 refs/pull/7/head
003f6ef5716d028f7aa60e9f8cdb9c06a47af69d89a6 refs/pull/70/head
003f6333086f2d380775d588d9ff6d253e698e7fc731 refs/pull/72/head
003fc88aebf1a4a58ae9fc76a02a1afcb7720a98b315 refs/pull/75/head
003f8dd89a8292fed6e05b36a8dc19aa51dab0b09705 refs/pull/76/head
003f6bbee3ba0847723bfa015cf623f41ac40b68a1dd refs/pull/77/head
003fdebd4e06a0afe0eb9c0127837a2fbd7b2b4e8527 refs/pull/78/head
003fb69fd1ed2dc53174e125a20bbfd5b5ffa8970762 refs/pull/79/head
003f26db068b2fe325a097ccacb13ecde15371f44ca8 refs/pull/80/head
003f7282bcd1312e3cb6ccc66101ad283af1067f453a refs/pull/81/head
003fcfd6b52b3e5b41a5409cf13bfd420fb7410e9c44 refs/pull/82/head
003fc6518919c2d66dedc1a2534c44b1d0ca3f7e049b refs/pull/83/head
003f46537e74d2570f051590d475ce04b18762f544b0 refs/pull/84/head
003ffd468bb05a89fa555facf46814fc1c19d0e328c3 refs/pull/85/head
003f00fdfacda1c9d5c009256db67145000dbacdadec refs/pull/86/head
003fe4615
Received:
82b706cd3cb67e952a926e08a533392a2e9 refs/pull/87/head
003f3ceeac5c90f93d7833a22c5c0ad8254e57a63fd4 refs/pull/89/head
003eb5f1f3c1d2493f01f270a919536e3d93f82adeb8 refs/pull/9/head
003ff96c9a64bf638bf4452c1f0e596de3200bc0c25d refs/pull/90/head
003f49eb91b819b5fd7ec1c6be1a88016e50c346bfb5 refs/pull/93/head
003fff5ca4338d96af50825f3f6e2b9a4ecc05da1e8b refs/pull/94/head
003f11a8f7464b0da149851f015bac519d1261f9e236 refs/pull/95/head
003fcc152d9aad78eb23f1f09ac2bd24db1f55fe60e2 refs/pull/96/head
003f90b258d830b0b1b51179dd523306e9b443a0eda1 refs/pull/98/head
0000
the-book-of-secret-knowledge: Fetch received nothing.

SSH: Authentication failed
Requesting credentials for git@github.com:lissy93/personal-security-checklist (user: git, allowed: SSH key)
SSH: Authenticating with SSH key from file for user 'git'
personal-security-checklist: Using SSH key ssh-ecdsa 256 5f:be:4d:e3:1d:f4:be:40:7f:c9:23:0b:96:4d:af:b5 (try 2)

SSH: Authentication failed
Requesting credentials for git@github.com:lissy93/personal-security-checklist (user: git, allowed: SSH key)
SSH: Authenticating with SSH key from file for user 'git'
personal-security-checklist: Using SSH key ssh-rsa 4096 ea:1c:d1:76:e0:7c:0c:6e:e9:60:d2:b4:a2:82:4d:3d

SSH: Authentication failed
Requesting credentials for git@github.com:lissy93/personal-security-checklist (user: git, allowed: SSH key)
SSH: Authenticating with SSH key from file for user 'git'
personal-security-checklist: Using SSH key ssh-rsa 4096 ea:1c:d1:76:e0:7c:0c:6e:e9:60:d2:b4:a2:82:4d:3d (try 2)

SSH: Authentication failed
Requesting credentials for git@github.com:lissy93/personal-security-checklist (user: git, allowed: SSH key)
no error
Interpreting last error as: SSH connection rejected. Make sure SSH key is valid on github.com.
Retry after 'SSH connection rejected. Make sure SSH key is valid on github.com.' -> NO
personal-security-checklist: No more authentication methods.

